// Vitest Snapshot v1, https://vitest.dev/guide/snapshot.html

exports[`infra/components/PageDetailsSkeleton > should render 1`] = `
<div
  class="_container_9b1f4b"
>
  <div>
    <div
      class="_wrapper_587f33 _title_9b1f4b"
    >
      
      
    </div>
  </div>
  <div>
    <div
      class="_wrapper_587f33 _content_9b1f4b"
    >
      
      
    </div>
  </div>
</div>
`;
