// Vitest Snapshot v1, https://vitest.dev/guide/snapshot.html

exports[`infra/components/ShowSearchResultGrid > should render 1`] = `
<ol
  class="_grid_f639ee"
>
  
  
</ol>
`;
